Program
    { seed = Seed 4
    , body =
        [
            ( x:2 ) := 1
        ,
            ( x:1 ) :=
            ( x:2 )
        ,
            ( x:0 ) :=
            ( +1
            ,
                ( x:2 )
            )
        ,
            ( tmp:3 ) :=
            ( +1
            ,
                ( x:2 )
            )
        ]
    , result =
        ( tmp:3 )
    }