Program
    [ Movq
        ( AImm
            ( -3 )
        )
        ( AVar
            ( tmp:2 )
        )
    , Movq
        ( AImm 4 )
        ( AVar
            ( y:1 )
        )
    , Addq
        ( AVar
            ( tmp:2 )
        )
        ( AVar
            ( y:1 )
        )
    , Movq
        ( AVar
            ( y:1 )
        )
        ( AVar
            ( x:0 )
        )
    , Movq
        ( AVar
            ( x:0 )
        ) ( AReg Rax )
    ]